Warning, il n'existe aucune maladie recensÃ©e dans la base